
C:\Users\gordo>adb logcat | findstr /i /c:"wifi" /c:"FcmMessagingService" /c:"HMAC"
10-28 11:44:02.995  1685  1914 D WifiNl80211Manager: Scan result ready event
10-28 11:44:02.995  1278 16241 D LOWI-9.0.0.89.f: [LOWI-Scan] BSS 08:9b:f1:**:**:03 (wlan0) ASSO: NO AddInfo: 0x0, TSF 4, 22:00:54.429, RSSI: -110, CPL: 127, AGE: 2660,  SSID TellMyWifiLoveHer, TSFDelta: 0x9771a293, TXRate: 0
10-28 11:44:02.995  1685  1914 D WifiNative: Scan result ready event
10-28 11:44:02.995  1278 16241 D LOWI-9.0.0.89.f: [LOWI-Scan] BSS 08:9b:f1:**:**:09 (wlan0) ASSO: NO AddInfo: 0x0, TSF 4, 22:00:54.430, RSSI: -116, CPL: 127, AGE: 2660,  SSID TellMyWifiLoveHer (TheGordons), TSFDelta: 0x9771a293, TXRate: 0
10-28 11:44:02.995  1278 16241 D LOWI-9.0.0.89.f: [LOWI-Scan] BSS 30:57:8e:**:**:cf (wlan0) ASSO: NO AddInfo: 0x1, TSF 4, 22:00:54.457, RSSI: -132, CPL: 127, AGE: 2632,  SSID TellMyWifiLoveHer (TheGordons), TSFDelta: 0xe1ec4cec, TXRate: 0
10-28 11:44:02.996  1278 16241 D LOWI-9.0.0.89.f: [LOWI-Scan] BSS 84:70:d7:**:**:66 (wlan0) ASSO: NO AddInfo: 0x0, TSF 4, 22:00:54.924, RSSI: -116, CPL: 127, AGE: 2164,  SSID TellMyWifiLoveHer, TSFDelta: 0xa414daad, TXRate: 0
10-28 11:44:02.996  1278 16241 D LOWI-9.0.0.89.f: [LOWI-Scan] BSS 08:9b:f1:**:**:0a (wlan0) ASSO: NO AddInfo: 0x0, TSF 4, 22:00:54.905, RSSI: -144, CPL: 127, AGE: 2184,  SSID TellMyWifiLoveHer (TheGordons), TSFDelta: 0x978976f5, TXRate: 0
10-28 11:44:02.996  1278 16241 D LOWI-9.0.0.89.f: [LOWI-Scan] BSS 84:70:d7:**:**:6f (wlan0) ASSO: NO AddInfo: 0x0, TSF 4, 22:00:54.928, RSSI: -118, CPL: 127, AGE: 2160,  SSID TellMyWifiLoveHer (TheGordons), TSFDelta: 0xa414daae, TXRate: 0
10-28 11:44:02.996  1278 16241 D LOWI-9.0.0.89.f: [LOWI-Scan] BSS 30:57:8e:**:**:c7 (wlan0) ASSO: NO AddInfo: 0x0, TSF 4, 22:00:55.221, RSSI: -76, CPL: 127, AGE: 1868,  SSID TellMyWifiLoveHer, TSFDelta: 0xafdfbf4e, TXRate: 0
10-28 11:44:02.996  1278 16241 D LOWI-9.0.0.89.f: [LOWI-Scan] BSS 30:57:8e:**:**:d0 (wlan0) ASSO: NO AddInfo: 0x0, TSF 4, 22:00:55.222, RSSI: -76, CPL: 127, AGE: 1868,  SSID TellMyWifiLoveHer (TheGordons), TSFDelta: 0xafdfbf4f, TXRate: 0
10-28 11:44:02.996  1278 16241 D LOWI-9.0.0.89.f: [LOWI-Scan] BSS 30:57:8e:**:**:d1 (wlan0) ASSO: NO AddInfo: 0x0, TSF 4, 22:00:54.928, RSSI: -146, CPL: 127, AGE: 2160,  SSID TellMyWifiLoveHer (TheGordons), TSFDelta: 0xe24b1a02, TXRate: 0
10-28 11:44:02.996  1278 16241 D LOWI-9.0.0.89.f: [LOWI-Scan] BSS 84:70:d7:**:**:67 (wlan0) ASSO: NO AddInfo: 0x0, TSF 4, 22:00:54.429, RSSI: -98, CPL: 127, AGE: 2660,  SSID TellMyWifiLoveHer, TSFDelta: 0xa414db4c, TXRate: 0
10-28 11:44:02.996  1278 16241 D LOWI-9.0.0.89.f: [LOWI-Scan] BSS 84:70:d7:**:**:70 (wlan0) ASSO: NO AddInfo: 0x0, TSF 4, 22:00:54.433, RSSI: -106, CPL: 127, AGE: 2656,  SSID TellMyWifiLoveHer (TheGordons), TSFDelta: 0xa414db4b, TXRate: 0
10-28 11:44:02.997  1278 16241 D LOWI-9.0.0.89.f: [LOWI-Scan] BSS 30:57:8e:**:**:c6 (wlan0) ASSO: NO AddInfo: 0x0, TSF 4, 22:00:54.425, RSSI: -68, CPL: 127, AGE: 2664,  SSID TellMyWifiLoveHer, TSFDelta: 0xafc7c399, TXRate: 0
10-28 11:44:02.997  1278 16241 D LOWI-9.0.0.89.f: [LOWI-Scan] BSS 30:57:8e:**:**:cf (wlan0) ASSO: NO AddInfo: 0x0, TSF 4, 22:00:54.426, RSSI: -68, CPL: 127, AGE: 2664,  SSID TellMyWifiLoveHer (TheGordons), TSFDelta: 0xafc7c398, TXRate: 0
10-28 11:44:02.997  1278 16241 D LOWI-9.0.0.89.f: [LOWI-Scan] BSS 30:57:8e:**:**:c6 (wlan0) ASSO: NO AddInfo: 0x1, TSF 4, 22:00:54.457, RSSI: -134, CPL: 127, AGE: 2632,  SSID TellMyWifiLoveHer, TSFDelta: 0xe1ec4ced, TXRate: 0
10-28 11:44:02.997  1278 16241 D LOWI-9.0.0.89.f: [LOWI-Scan] BSS 30:57:8e:**:**:c7 (wlan0) ASSO: NO AddInfo: 0x0, TSF 4, 22:00:55.221, RSSI: -174, CPL: 127, AGE: 1868,  SSID TellMyWifiLoveHer, TSFDelta: 0xe204b9f3, TXRate: 0
10-28 11:44:02.997  1278 16241 D LOWI-9.0.0.89.f: [LOWI-Scan] BSS 84:70:d7:**:**:68 (wlan0) ASSO: NO AddInfo: 0x0, TSF 4, 22:00:55.222, RSSI: -124, CPL: 127, AGE: 1868,  SSID TellMyWifiLoveHer, TSFDelta: 0xa414dab1, TXRate: 0
10-28 11:44:02.997  1278 16241 D LOWI-9.0.0.89.f: [LOWI-Scan] BSS 30:57:8e:**:**:c8 (wlan0) ASSO: NO AddInfo: 0x0, TSF 4, 22:00:54.922, RSSI: -148, CPL: 127, AGE: 2168,  SSID TellMyWifiLoveHer, TSFDelta: 0xe24b1a05, TXRate: 0
10-28 11:44:02.997  1278 16241 D LOWI-9.0.0.89.f: [LOWI-Scan] BSS 30:57:8e:**:**:d0 (wlan0) ASSO: NO AddInfo: 0x0, TSF 4, 22:00:55.221, RSSI: -174, CPL: 127, AGE: 1868,  SSID TellMyWifiLoveHer (TheGordons), TSFDelta: 0xe204b9f4, TXRate: 0
10-28 11:44:02.999  1278 16241 D LOWI-9.0.0.89.f: [LOWI-Scan] BSS 30:57:8e:**:**:91 (wlan0) ASSO: NO AddInfo: 0x0, TSF 4, 22:00:54.929, RSSI: -152, CPL: 127, AGE: 2160,  SSID TellMyWifiLoveHer (TheGordons), TSFDelta: 0x29aad77, TXRate: 0
10-28 11:44:03.000  1278 16241 D LOWI-9.0.0.89.f: [LOWI-Scan] BSS 08:9b:f1:**:**:04 (wlan0) ASSO: NO AddInfo: 0x0, TSF 4, 22:00:54.904, RSSI: -142, CPL: 127, AGE: 2184,  SSID TellMyWifiLoveHer, TSFDelta: 0x978976f4, TXRate: 0
10-28 11:44:03.000  1278 16241 D LOWI-9.0.0.89.f: [LOWI-Scan] BSS 84:70:d7:**:**:71 (wlan0) ASSO: NO AddInfo: 0x0, TSF 4, 22:00:55.222, RSSI: -124, CPL: 127, AGE: 1864,  SSID TellMyWifiLoveHer (TheGordons), TSFDelta: 0xa414dab3, TXRate: 0
10-28 11:44:03.000  1278 16241 D LOWI-9.0.0.89.f: [LOWI-Scan] BSS 30:57:8e:**:**:86 (wlan0) ASSO: NO AddInfo: 0x1, TSF 4, 22:00:54.454, RSSI: -124, CPL: 127, AGE: 2632,  SSID TellMyWifiLoveHer, TSFDelta: 0x24d5005, TXRate: 0
10-28 11:44:03.000  1278 16241 D LOWI-9.0.0.89.f: [LOWI-Scan] BSS 30:57:8e:**:**:8f (wlan0) ASSO: NO AddInfo: 0x1, TSF 4, 22:00:54.454, RSSI: -122, CPL: 127, AGE: 2632,  SSID TellMyWifiLoveHer (TheGordons), TSFDelta: 0x24d5005, TXRate: 0
10-28 11:44:03.001  1278 16241 D LOWI-9.0.0.89.f: [LOWI-Scan] BSS 30:57:8e:**:**:88 (wlan0) ASSO: NO AddInfo: 0x0, TSF 4, 22:00:54.929, RSSI: -152, CPL: 127, AGE: 2160,  SSID TellMyWifiLoveHer, TSFDelta: 0x29aad7a, TXRate: 0
10-28 11:44:03.004  1278 16241 D LOWI-9.0.0.89.f: [LOWI-Scan] BSS 30:57:8e:**:**:90 (wlan0) ASSO: NO AddInfo: 0x0, TSF 4, 22:00:55.224, RSSI: -172, CPL: 127, AGE: 1864,  SSID TellMyWifiLoveHer (TheGordons), TSFDelta: 0x26688e6, TXRate: 0
10-28 11:44:03.004  1685  2519 D WificondScannerImpl: Filtering out 11 scan results.
10-28 11:44:03.004  1278 16241 D LOWI-9.0.0.89.f: [LOWI-Scan] BSS 30:57:8e:**:**:87 (wlan0) ASSO: NO AddInfo: 0x0, TSF 4, 22:00:55.223, RSSI: -172, CPL: 127, AGE: 1864,  SSID TellMyWifiLoveHer, TSFDelta: 0x26688e5, TXRate: 0
10-28 11:44:03.005  1278 16241 D LOWI-9.0.0.89.f: [LOWI-Scan] BSS 30:57:8e:**:**:c8 (wlan0) ASSO: NO AddInfo: 0x0, TSF 4, 22:00:54.923, RSSI: -72, CPL: 127, AGE: 2168,  SSID TellMyWifiLoveHer, TSFDelta: 0xb00bbbb9, TXRate: 0
10-28 11:44:03.005  1278 16241 D LOWI-9.0.0.89.f: [LOWI-Scan] BSS 30:57:8e:**:**:d1 (wlan0) ASSO: NO AddInfo: 0x0, TSF 4, 22:00:54.924, RSSI: -72, CPL: 127, AGE: 2168,  SSID TellMyWifiLoveHer (TheGordons), TSFDelta: 0xb00bbbb6, TXRate: 0
10-28 11:44:03.006  1278 16241 D LOWI-9.0.0.89.f: [LOWIWifiDriverInterface] getMeasurements - Passive listening mode
10-28 11:44:39.836  1685  2515 E WifiScoringParams: Invalid frequency(-1), using 5G as default rssi array
10-28 11:44:39.919  1685  2515 D WifiNetworkFactory: got request NetworkRequest [ REQUEST id=590, [ Capabilities: INTERNET&NOT_RESTRICTED&TRUSTED&NOT_VCN_MANAGED Uid: 10169 RequestorUid: 10169 RequestorPkg: com.android.systemui UnderlyingNetworks: Null] ]
10-28 11:44:39.919  1685  2515 D UntrustedWifiNetworkFactory: got request NetworkRequest [ REQUEST id=590, [ Capabilities: INTERNET&NOT_RESTRICTED&TRUSTED&NOT_VCN_MANAGED Uid: 10169 RequestorUid: 10169 RequestorPkg: com.android.systemui UnderlyingNetworks: Null] ]
10-28 11:44:39.919  1685  2515 D OemPaidWifiNetworkFactory: got request NetworkRequest [ REQUEST id=590, [ Capabilities: INTERNET&NOT_RESTRICTED&TRUSTED&NOT_VCN_MANAGED Uid: 10169 RequestorUid: 10169 RequestorPkg: com.android.systemui UnderlyingNetworks: Null] ]
10-28 11:44:39.919  1685  2515 D MultiInternetWifiNetworkFactory: got request NetworkRequest [ REQUEST id=590, [ Capabilities: INTERNET&NOT_RESTRICTED&TRUSTED&NOT_VCN_MANAGED Uid: 10169 RequestorUid: 10169 RequestorPkg: com.android.systemui UnderlyingNetworks: Null] ]
10-28 11:44:39.997  1685  1914 W WifiService: Attempt to retrieve WifiConfiguration with invalid scanResult List
10-28 11:44:40.005  1685  3781 W WifiService: Attempt to retrieve WifiConfiguration with invalid scanResult List
10-28 11:44:40.006  1685  3781 E WifiService: Attempt to retrieve passpoint with invalid scanResult List
10-28 11:44:40.006  1685  3781 W WifiService: Attempt to retrieve OsuProviders with invalid scanResult List
10-28 11:44:40.009  1685  3781 W WifiService: Attempt to retrieve WifiConfiguration with invalid scanResult List
10-28 11:44:40.010  1685  3781 I WifiService: startScan uid=10169
10-28 11:44:40.015  1685  3781 W WifiService: Attempt to retrieve WifiConfiguration with invalid scanResult List
10-28 11:44:40.015  1685  3781 E WifiService: Attempt to retrieve passpoint with invalid scanResult List
10-28 11:44:40.016  1685  3781 W WifiService: Attempt to retrieve OsuProviders with invalid scanResult List
10-28 11:44:42.994  1685  3243 D WifiNl80211Manager: Scan result ready event
10-28 11:44:42.994  1685  3243 D WifiNative: Scan result ready event
10-28 11:44:42.994  1278 16241 D LOWI-9.0.0.89.f: [LOWI-Scan] BSS 08:9b:f1:**:**:03 (wlan0) ASSO: NO AddInfo: 0x0, TSF 4, 22:01:34.449, RSSI: -118, CPL: 127, AGE: 2640,  SSID TellMyWifiLoveHer, TSFDelta: 0x9771940a, TXRate: 0
10-28 11:44:42.994  1278 16241 D LOWI-9.0.0.89.f: [LOWI-Scan] BSS 08:9b:f1:**:**:09 (wlan0) ASSO: NO AddInfo: 0x0, TSF 4, 22:01:34.449, RSSI: -118, CPL: 127, AGE: 2640,  SSID TellMyWifiLoveHer (TheGordons), TSFDelta: 0x9771940a, TXRate: 0
10-28 11:44:42.994  1278 16241 D LOWI-9.0.0.89.f: [LOWI-Scan] BSS 30:57:8e:**:**:cf (wlan0) ASSO: NO AddInfo: 0x0, TSF 4, 22:01:34.446, RSSI: -134, CPL: 127, AGE: 2640,  SSID TellMyWifiLoveHer (TheGordons), TSFDelta: 0xe1ec3df8, TXRate: 0
10-28 11:44:42.995  1278 16241 D LOWI-9.0.0.89.f: [LOWI-Scan] BSS 84:70:d7:**:**:66 (wlan0) ASSO: NO AddInfo: 0x0, TSF 4, 22:01:34.925, RSSI: -116, CPL: 127, AGE: 2164,  SSID TellMyWifiLoveHer, TSFDelta: 0xa414cea4, TXRate: 0
10-28 11:44:42.995  1278 16241 D LOWI-9.0.0.89.f: [LOWI-Scan] BSS 08:9b:f1:**:**:0a (wlan0) ASSO: NO AddInfo: 0x0, TSF 4, 22:01:34.928, RSSI: -138, CPL: 127, AGE: 2160,  SSID TellMyWifiLoveHer (TheGordons), TSFDelta: 0x9789686c, TXRate: 0
10-28 11:44:42.995  1278 16241 D LOWI-9.0.0.89.f: [LOWI-Scan] BSS 84:70:d7:**:**:6f (wlan0) ASSO: NO AddInfo: 0x0, TSF 4, 22:01:34.925, RSSI: -116, CPL: 127, AGE: 2164,  SSID TellMyWifiLoveHer (TheGordons), TSFDelta: 0xa414cea5, TXRate: 0
10-28 11:44:42.995  1278 16241 D LOWI-9.0.0.89.f: [LOWI-Scan] BSS 30:57:8e:**:**:c7 (wlan0) ASSO: NO AddInfo: 0x0, TSF 4, 22:01:35.221, RSSI: -78, CPL: 127, AGE: 1868,  SSID TellMyWifiLoveHer, TSFDelta: 0xafdfb13a, TXRate: 0
10-28 11:44:42.996  1278 16241 D LOWI-9.0.0.89.f: [LOWI-Scan] BSS 30:57:8e:**:**:d0 (wlan0) ASSO: NO AddInfo: 0x0, TSF 4, 22:01:35.224, RSSI: -76, CPL: 127, AGE: 1864,  SSID TellMyWifiLoveHer (TheGordons), TSFDelta: 0xafdfb13b, TXRate: 0
10-28 11:44:42.996  1278 16241 D LOWI-9.0.0.89.f: [LOWI-Scan] BSS 30:57:8e:**:**:d1 (wlan0) ASSO: NO AddInfo: 0x0, TSF 4, 22:01:34.926, RSSI: -148, CPL: 127, AGE: 2164,  SSID TellMyWifiLoveHer (TheGordons), TSFDelta: 0xe24b0c0f, TXRate: 0
10-28 11:44:42.996  1278 16241 D LOWI-9.0.0.89.f: [LOWI-Scan] BSS 84:70:d7:**:**:67 (wlan0) ASSO: NO AddInfo: 0x1, TSF 4, 22:01:34.458, RSSI: -94, CPL: 127, AGE: 2632,  SSID TellMyWifiLoveHer, TSFDelta: 0xa414cf43, TXRate: 0
10-28 11:44:42.996  1278 16241 D LOWI-9.0.0.89.f: [LOWI-Scan] BSS 84:70:d7:**:**:70 (wlan0) ASSO: NO AddInfo: 0x1, TSF 4, 22:01:34.459, RSSI: -94, CPL: 127, AGE: 2628,  SSID TellMyWifiLoveHer (TheGordons), TSFDelta: 0xa414cf43, TXRate: 0
10-28 11:44:42.996  1278 16241 D LOWI-9.0.0.89.f: [LOWI-Scan] BSS 30:57:8e:**:**:c6 (wlan0) ASSO: NO AddInfo: 0x0, TSF 4, 22:01:34.444, RSSI: -72, CPL: 127, AGE: 2644,  SSID TellMyWifiLoveHer, TSFDelta: 0xafc7b585, TXRate: 0
10-28 11:44:42.996  1278 16241 D LOWI-9.0.0.89.f: [LOWI-Scan] BSS 30:57:8e:**:**:cf (wlan0) ASSO: NO AddInfo: 0x0, TSF 4, 22:01:34.445, RSSI: -76, CPL: 127, AGE: 2644,  SSID TellMyWifiLoveHer (TheGordons), TSFDelta: 0xafc7b584, TXRate: 0
10-28 11:44:42.997  1278 16241 D LOWI-9.0.0.89.f: [LOWI-Scan] BSS 30:57:8e:**:**:c6 (wlan0) ASSO: NO AddInfo: 0x0, TSF 4, 22:01:34.446, RSSI: -132, CPL: 127, AGE: 2644,  SSID TellMyWifiLoveHer, TSFDelta: 0xe1ec3df9, TXRate: 0
10-28 11:44:42.997  1278 16241 D LOWI-9.0.0.89.f: [LOWI-Scan] BSS 30:57:8e:**:**:c7 (wlan0) ASSO: NO AddInfo: 0x0, TSF 4, 22:01:35.226, RSSI: -176, CPL: 127, AGE: 1864,  SSID TellMyWifiLoveHer, TSFDelta: 0xe204aafe, TXRate: 0
10-28 11:44:42.997  1278 16241 D LOWI-9.0.0.89.f: [LOWI-Scan] BSS 84:70:d7:**:**:68 (wlan0) ASSO: NO AddInfo: 0x0, TSF 4, 22:01:35.221, RSSI: -122, CPL: 127, AGE: 1868,  SSID TellMyWifiLoveHer, TSFDelta: 0xa414cea8, TXRate: 0
10-28 11:44:42.997  1278 16241 D LOWI-9.0.0.89.f: [LOWI-Scan] BSS 30:57:8e:**:**:c8 (wlan0) ASSO: NO AddInfo: 0x0, TSF 4, 22:01:34.925, RSSI: -148, CPL: 127, AGE: 2164,  SSID TellMyWifiLoveHer, TSFDelta: 0xe24b0c12, TXRate: 0
10-28 11:44:42.997  1278 16241 D LOWI-9.0.0.89.f: [LOWI-Scan] BSS 30:57:8e:**:**:d0 (wlan0) ASSO: NO AddInfo: 0x0, TSF 4, 22:01:35.227, RSSI: -178, CPL: 127, AGE: 1860,  SSID TellMyWifiLoveHer (TheGordons), TSFDelta: 0xe204aaff, TXRate: 0
10-28 11:44:42.997  1278 16241 D LOWI-9.0.0.89.f: [LOWI-Scan] BSS 30:57:8e:**:**:91 (wlan0) ASSO: NO AddInfo: 0x0, TSF 4, 22:01:34.929, RSSI: -160, CPL: 127, AGE: 2160,  SSID TellMyWifiLoveHer (TheGordons), TSFDelta: 0x29a9eff, TXRate: 0
10-28 11:44:42.997  1278 16241 D LOWI-9.0.0.89.f: [LOWI-Scan] BSS 08:9b:f1:**:**:04 (wlan0) ASSO: NO AddInfo: 0x0, TSF 4, 22:01:34.928, RSSI: -138, CPL: 127, AGE: 2160,  SSID TellMyWifiLoveHer, TSFDelta: 0x9789686a, TXRate: 0
10-28 11:44:42.998  1278 16241 D LOWI-9.0.0.89.f: [LOWI-Scan] BSS 84:70:d7:**:**:71 (wlan0) ASSO: NO AddInfo: 0x0, TSF 4, 22:01:35.222, RSSI: -122, CPL: 127, AGE: 1868,  SSID TellMyWifiLoveHer (TheGordons), TSFDelta: 0xa414ceaa, TXRate: 0
10-28 11:44:42.998  1278 16241 D LOWI-9.0.0.89.f: [LOWI-Scan] BSS 30:57:8e:**:**:86 (wlan0) ASSO: NO AddInfo: 0x0, TSF 4, 22:01:34.452, RSSI: -128, CPL: 127, AGE: 2636,  SSID TellMyWifiLoveHer, TSFDelta: 0x24d4122, TXRate: 0
10-28 11:44:42.998  1278 16241 D LOWI-9.0.0.89.f: [LOWI-Scan] BSS 30:57:8e:**:**:8f (wlan0) ASSO: NO AddInfo: 0x0, TSF 4, 22:01:34.454, RSSI: -126, CPL: 127, AGE: 2632,  SSID TellMyWifiLoveHer (TheGordons), TSFDelta: 0x24d4121, TXRate: 0
10-28 11:44:42.998  1278 16241 D LOWI-9.0.0.89.f: [LOWI-Scan] BSS 30:57:8e:**:**:88 (wlan0) ASSO: NO AddInfo: 0x0, TSF 4, 22:01:34.928, RSSI: -158, CPL: 127, AGE: 2160,  SSID TellMyWifiLoveHer, TSFDelta: 0x29a9f02, TXRate: 0
10-28 11:44:42.999  1278 16241 D LOWI-9.0.0.89.f: [LOWI-Scan] BSS 30:57:8e:**:**:90 (wlan0) ASSO: NO AddInfo: 0x0, TSF 4, 22:01:35.225, RSSI: -168, CPL: 127, AGE: 1868,  SSID TellMyWifiLoveHer (TheGordons), TSFDelta: 0x2667a02, TXRate: 0
10-28 11:44:42.999  1278 16241 D LOWI-9.0.0.89.f: [LOWI-Scan] BSS 30:57:8e:**:**:87 (wlan0) ASSO: NO AddInfo: 0x1, TSF 4, 22:01:35.223, RSSI: -170, CPL: 127, AGE: 1868,  SSID TellMyWifiLoveHer, TSFDelta: 0x2667a01, TXRate: 0
10-28 11:44:42.999  1278 16241 D LOWI-9.0.0.89.f: [LOWI-Scan] BSS 30:57:8e:**:**:c8 (wlan0) ASSO: NO AddInfo: 0x0, TSF 4, 22:01:34.925, RSSI: -78, CPL: 127, AGE: 2168,  SSID TellMyWifiLoveHer, TSFDelta: 0xb00badd1, TXRate: 0
10-28 11:44:42.999  1278 16241 D LOWI-9.0.0.89.f: [LOWI-Scan] BSS 30:57:8e:**:**:d1 (wlan0) ASSO: NO AddInfo: 0x0, TSF 4, 22:01:34.926, RSSI: -78, CPL: 127, AGE: 2168,  SSID TellMyWifiLoveHer (TheGordons), TSFDelta: 0xb00badce, TXRate: 0
10-28 11:44:43.000  1278 16241 D LOWI-9.0.0.89.f: [LOWIWifiDriverInterface] getMeasurements - Passive listening mode
10-28 11:44:50.016  1685  3243 I WifiService: startScan uid=10169
10-28 11:44:53.185  1685  3787 D WifiNl80211Manager: Scan result ready event
10-28 11:44:53.186  1685  3787 D WifiNative: Scan result ready event
10-28 11:44:53.186  1278 16241 D LOWI-9.0.0.89.f: [LOWI-Scan] BSS 08:9b:f1:**:**:03 (wlan0) ASSO: NO AddInfo: 0x0, TSF 4, 22:01:44.647, RSSI: -112, CPL: 127, AGE: 2632,  SSID TellMyWifiLoveHer, TSFDelta: 0x9771914f, TXRate: 0
10-28 11:44:53.186  1278 16241 D LOWI-9.0.0.89.f: [LOWI-Scan] BSS 08:9b:f1:**:**:09 (wlan0) ASSO: NO AddInfo: 0x0, TSF 4, 22:01:44.647, RSSI: -112, CPL: 127, AGE: 2632,  SSID TellMyWifiLoveHer (TheGordons), TSFDelta: 0x9771914f, TXRate: 0
10-28 11:44:53.186  1278 16241 D LOWI-9.0.0.89.f: [LOWI-Scan] BSS 30:57:8e:**:**:cf (wlan0) ASSO: NO AddInfo: 0x0, TSF 4, 22:01:44.650, RSSI: -126, CPL: 127, AGE: 2628,  SSID TellMyWifiLoveHer (TheGordons), TSFDelta: 0xe1ec3b22, TXRate: 0
10-28 11:44:53.187  1278 16241 D LOWI-9.0.0.89.f: [LOWI-Scan] BSS 84:70:d7:**:**:66 (wlan0) ASSO: NO AddInfo: 0x0, TSF 4, 22:01:45.122, RSSI: -106, CPL: 127, AGE: 2160,  SSID TellMyWifiLoveHer, TSFDelta: 0xa414cc8c, TXRate: 0
10-28 11:44:53.187  1278 16241 D LOWI-9.0.0.89.f: [LOWI-Scan] BSS 08:9b:f1:**:**:0a (wlan0) ASSO: NO AddInfo: 0x0, TSF 4, 22:01:45.105, RSSI: -144, CPL: 127, AGE: 2176,  SSID TellMyWifiLoveHer (TheGordons), TSFDelta: 0x978965b0, TXRate: 0
10-28 11:44:53.187  1278 16241 D LOWI-9.0.0.89.f: [LOWI-Scan] BSS 84:70:d7:**:**:6f (wlan0) ASSO: NO AddInfo: 0x0, TSF 4, 22:01:45.109, RSSI: -108, CPL: 127, AGE: 2172,  SSID TellMyWifiLoveHer (TheGordons), TSFDelta: 0xa414cc8c, TXRate: 0
10-28 11:44:53.187  1278 16241 D LOWI-9.0.0.89.f: [LOWI-Scan] BSS 30:57:8e:**:**:c7 (wlan0) ASSO: NO AddInfo: 0x1, TSF 4, 22:01:45.423, RSSI: -60, CPL: 127, AGE: 1856,  SSID TellMyWifiLoveHer, TSFDelta: 0xafdfae9c, TXRate: 0
10-28 11:44:53.187  1278 16241 D LOWI-9.0.0.89.f: [LOWI-Scan] BSS 30:57:8e:**:**:d0 (wlan0) ASSO: NO AddInfo: 0x1, TSF 4, 22:01:45.424, RSSI: -60, CPL: 127, AGE: 1856,  SSID TellMyWifiLoveHer (TheGordons), TSFDelta: 0xafdfae9d, TXRate: 0
10-28 11:44:53.187  1278 16241 D LOWI-9.0.0.89.f: [LOWI-Scan] BSS 30:57:8e:**:**:d1 (wlan0) ASSO: NO AddInfo: 0x1, TSF 4, 22:01:45.112, RSSI: -144, CPL: 127, AGE: 2168,  SSID TellMyWifiLoveHer (TheGordons), TSFDelta: 0xe24b097a, TXRate: 0
10-28 11:44:53.187  1278 16241 D LOWI-9.0.0.89.f: [LOWI-Scan] BSS 84:70:d7:**:**:67 (wlan0) ASSO: NO AddInfo: 0x0, TSF 4, 22:01:44.651, RSSI: -108, CPL: 127, AGE: 2628,  SSID TellMyWifiLoveHer, TSFDelta: 0xa414cd2b, TXRate: 0
10-28 11:44:53.188  1278 16241 D LOWI-9.0.0.89.f: [LOWI-Scan] BSS 84:70:d7:**:**:70 (wlan0) ASSO: NO AddInfo: 0x0, TSF 4, 22:01:44.653, RSSI: -110, CPL: 127, AGE: 2628,  SSID TellMyWifiLoveHer (TheGordons), TSFDelta: 0xa414cd2b, TXRate: 0
10-28 11:44:53.188  1278 16241 D LOWI-9.0.0.89.f: [LOWI-Scan] BSS 30:57:8e:**:**:c6 (wlan0) ASSO: NO AddInfo: 0x0, TSF 4, 22:01:44.647, RSSI: -68, CPL: 127, AGE: 2632,  SSID TellMyWifiLoveHer, TSFDelta: 0xafc7b2e7, TXRate: 0
10-28 11:44:53.188  1278 16241 D LOWI-9.0.0.89.f: [LOWI-Scan] BSS 30:57:8e:**:**:cf (wlan0) ASSO: NO AddInfo: 0x0, TSF 4, 22:01:44.648, RSSI: -68, CPL: 127, AGE: 2632,  SSID TellMyWifiLoveHer (TheGordons), TSFDelta: 0xafc7b2e7, TXRate: 0
10-28 11:44:53.188  1278 16241 D LOWI-9.0.0.89.f: [LOWI-Scan] BSS 30:57:8e:**:**:c6 (wlan0) ASSO: NO AddInfo: 0x0, TSF 4, 22:01:44.649, RSSI: -126, CPL: 127, AGE: 2632,  SSID TellMyWifiLoveHer, TSFDelta: 0xe1ec3b22, TXRate: 0
10-28 11:44:53.188  1278 16241 D LOWI-9.0.0.89.f: [LOWI-Scan] BSS 30:57:8e:**:**:c7 (wlan0) ASSO: NO AddInfo: 0x0, TSF 4, 22:01:45.423, RSSI: -154, CPL: 127, AGE: 1856,  SSID TellMyWifiLoveHer, TSFDelta: 0xe204a828, TXRate: 0
10-28 11:44:53.188  1278 16241 D LOWI-9.0.0.89.f: [LOWI-Scan] BSS 84:70:d7:**:**:68 (wlan0) ASSO: NO AddInfo: 0x0, TSF 4, 22:01:45.419, RSSI: -108, CPL: 127, AGE: 1860,  SSID TellMyWifiLoveHer, TSFDelta: 0xa414cc90, TXRate: 0
10-28 11:44:53.188  1278 16241 D LOWI-9.0.0.89.f: [LOWI-Scan] BSS 30:57:8e:**:**:c8 (wlan0) ASSO: NO AddInfo: 0x1, TSF 4, 22:01:45.111, RSSI: -144, CPL: 127, AGE: 2168,  SSID TellMyWifiLoveHer, TSFDelta: 0xe24b097d, TXRate: 0
10-28 11:44:53.189  1278 16241 D LOWI-9.0.0.89.f: [LOWI-Scan] BSS 30:57:8e:**:**:d0 (wlan0) ASSO: NO AddInfo: 0x0, TSF 4, 22:01:45.429, RSSI: -156, CPL: 127, AGE: 1852,  SSID TellMyWifiLoveHer (TheGordons), TSFDelta: 0xe204a829, TXRate: 0
10-28 11:44:53.189  1278 16241 D LOWI-9.0.0.89.f: [LOWI-Scan] BSS 30:57:8e:**:**:91 (wlan0) ASSO: NO AddInfo: 0x0, TSF 4, 22:01:45.103, RSSI: -146, CPL: 127, AGE: 2176,  SSID TellMyWifiLoveHer (TheGordons), TSFDelta: 0x29a9c48, TXRate: 0
10-28 11:44:53.189  1278 16241 D LOWI-9.0.0.89.f: [LOWI-Scan] BSS 08:9b:f1:**:**:04 (wlan0) ASSO: NO AddInfo: 0x1, TSF 4, 22:01:45.127, RSSI: -146, CPL: 127, AGE: 2152,  SSID TellMyWifiLoveHer, TSFDelta: 0x978965af, TXRate: 0
10-28 11:44:53.189  1278 16241 D LOWI-9.0.0.89.f: [LOWI-Scan] BSS 84:70:d7:**:**:71 (wlan0) ASSO: NO AddInfo: 0x0, TSF 4, 22:01:45.420, RSSI: -110, CPL: 127, AGE: 1860,  SSID TellMyWifiLoveHer (TheGordons), TSFDelta: 0xa414cc92, TXRate: 0
10-28 11:44:53.192  1278 16241 D LOWI-9.0.0.89.f: [LOWI-Scan] BSS 30:57:8e:**:**:86 (wlan0) ASSO: NO AddInfo: 0x0, TSF 4, 22:01:44.654, RSSI: -122, CPL: 127, AGE: 2628,  SSID TellMyWifiLoveHer, TSFDelta: 0x24d3e4f, TXRate: 0
10-28 11:44:53.192  1278 16241 D LOWI-9.0.0.89.f: [LOWI-Scan] BSS 30:57:8e:**:**:8f (wlan0) ASSO: NO AddInfo: 0x0, TSF 4, 22:01:44.655, RSSI: -122, CPL: 127, AGE: 2624,  SSID TellMyWifiLoveHer (TheGordons), TSFDelta: 0x24d3e4e, TXRate: 0
10-28 11:44:53.193  1278 16241 D LOWI-9.0.0.89.f: [LOWI-Scan] BSS 30:57:8e:**:**:88 (wlan0) ASSO: NO AddInfo: 0x0, TSF 4, 22:01:45.101, RSSI: -144, CPL: 127, AGE: 2180,  SSID TellMyWifiLoveHer, TSFDelta: 0x29a9c4b, TXRate: 0
10-28 11:44:53.194  1278 16241 D LOWI-9.0.0.89.f: [LOWI-Scan] BSS 30:57:8e:**:**:90 (wlan0) ASSO: NO AddInfo: 0x0, TSF 4, 22:01:45.422, RSSI: -158, CPL: 127, AGE: 1860,  SSID TellMyWifiLoveHer (TheGordons), TSFDelta: 0x266772f, TXRate: 0
10-28 11:44:53.194  1278 16241 D LOWI-9.0.0.89.f: [LOWI-Scan] BSS 30:57:8e:**:**:87 (wlan0) ASSO: NO AddInfo: 0x0, TSF 4, 22:01:45.394, RSSI: -160, CPL: 127, AGE: 1884,  SSID TellMyWifiLoveHer, TSFDelta: 0x266772e, TXRate: 0
10-28 11:44:53.195  1278 16241 D LOWI-9.0.0.89.f: [LOWI-Scan] BSS 30:57:8e:**:**:c8 (wlan0) ASSO: NO AddInfo: 0x0, TSF 4, 22:01:45.114, RSSI: -82, CPL: 127, AGE: 2168,  SSID TellMyWifiLoveHer, TSFDelta: 0xb00bab3e, TXRate: 0
10-28 11:44:53.195  1278 16241 D LOWI-9.0.0.89.f: [LOWI-Scan] BSS 30:57:8e:**:**:d1 (wlan0) ASSO: NO AddInfo: 0x0, TSF 4, 22:01:45.114, RSSI: -80, CPL: 127, AGE: 2164,  SSID TellMyWifiLoveHer (TheGordons), TSFDelta: 0xb00bab3b, TXRate: 0
10-28 11:44:53.197  1685  2519 D WificondScannerImpl: Filtering out 7 scan results.
10-28 11:44:53.201  1278 16241 D LOWI-9.0.0.89.f: [LOWIWifiDriverInterface] getMeasurements - Passive listening mode
10-28 11:45:27.200  6559  6916 D FcmMessagingService: FCM message received: {action=wifi_connect, security_type=wpa, ts=2025-10-28T16:45:26.387640+00:00, hmac=ec2501adff4db7d838d4ad863176bcba3f284a52eccc0927965141d4010b2e04, ssid=Unity, device_id=4d701dec-3cd9-4158-9f2e-2089cb2d0759, request_id=00ed192e-bdff-40d7-8a89-3219fe35a970, password=Unitynetwork}
10-28 11:45:27.271  6559  6916 D FcmMessagingService: Handling WiFi connection request
10-28 11:45:27.271  6559  6916 I FcmMessagingService: Executing WiFi connection command for SSID: Unity (security: wpa)
10-28 11:45:27.301  6559  6916 E FcmMessagingService: Γ£ù Failed to connect to WiFi:
10-28 11:45:27.368  6559  6916 E FcmMessagingService: Cannot send WiFi ACK - deviceId is EMPTY
10-28 11:45:39.101  1278 16241 D LOWI-9.0.0.89.f: [LOWI-Scan] BSS 08:9b:f1:**:**:03 (wlan0) ASSO: NO AddInfo: 0x1, TSF 4, 22:02:32.304, RSSI: -122, CPL: 127, AGE: 888,  SSID TellMyWifiLoveHer, TSFDelta: 0x9771914f, TXRate: 0
10-28 11:45:39.102  1278 16241 D LOWI-9.0.0.89.f: [LOWI-Scan] BSS 08:9b:f1:**:**:09 (wlan0) ASSO: NO AddInfo: 0x1, TSF 4, 22:02:32.304, RSSI: -122, CPL: 127, AGE: 888,  SSID TellMyWifiLoveHer (TheGordons), TSFDelta: 0x9771914f, TXRate: 0
10-28 11:45:39.102  1278 16241 D LOWI-9.0.0.89.f: [LOWI-Scan] BSS 30:57:8e:**:**:cf (wlan0) ASSO: NO AddInfo: 0x1, TSF 4, 22:02:32.351, RSSI: -132, CPL: 127, AGE: 840,  SSID TellMyWifiLoveHer (TheGordons), TSFDelta: 0xe1ec28ff, TXRate: 0
10-28 11:45:39.102  1278 16241 D LOWI-9.0.0.89.f: [LOWI-Scan] BSS 84:70:d7:**:**:66 (wlan0) ASSO: NO AddInfo: 0x0, TSF 4, 22:02:32.838, RSSI: -124, CPL: 127, AGE: 356,  SSID TellMyWifiLoveHer, TSFDelta: 0xa414bde5, TXRate: 0
10-28 11:45:39.102  1278 16241 D LOWI-9.0.0.89.f: [LOWI-Scan] BSS 08:9b:f1:**:**:0a (wlan0) ASSO: NO AddInfo: 0x0, TSF 4, 22:02:32.845, RSSI: -134, CPL: 127, AGE: 348,  SSID TellMyWifiLoveHer (TheGordons), TSFDelta: 0x9789540e, TXRate: 0
10-28 11:45:39.102  1685  3781 D WifiNl80211Manager: Scan result ready event
10-28 11:45:39.102  1278 16241 D LOWI-9.0.0.89.f: [LOWI-Scan] BSS 84:70:d7:**:**:6f (wlan0) ASSO: NO AddInfo: 0x0, TSF 4, 22:02:32.842, RSSI: -124, CPL: 127, AGE: 348,  SSID TellMyWifiLoveHer (TheGordons), TSFDelta: 0xa414bde6, TXRate: 0
10-28 11:45:39.102  1685  3781 D WifiNative: Scan result ready event
10-28 11:45:39.102  1278 16241 D LOWI-9.0.0.89.f: [LOWI-Scan] BSS 30:57:8e:**:**:c7 (wlan0) ASSO: NO AddInfo: 0x1, TSF 4, 22:02:33.143, RSSI: -74, CPL: 127, AGE: 48,  SSID TellMyWifiLoveHer, TSFDelta: 0xafdf9d85, TXRate: 0
10-28 11:45:39.102  1278 16241 D LOWI-9.0.0.89.f: [LOWI-Scan] BSS 30:57:8e:**:**:d0 (wlan0) ASSO: NO AddInfo: 0x1, TSF 4, 22:02:33.143, RSSI: -74, CPL: 127, AGE: 48,  SSID TellMyWifiLoveHer (TheGordons), TSFDelta: 0xafdf9d86, TXRate: 0
10-28 11:45:39.102  1278 16241 D LOWI-9.0.0.89.f: [LOWI-Scan] BSS 30:57:8e:**:**:d1 (wlan0) ASSO: NO AddInfo: 0x0, TSF 4, 22:02:32.843, RSSI: -150, CPL: 127, AGE: 348,  SSID TellMyWifiLoveHer (TheGordons), TSFDelta: 0xe24af88b, TXRate: 0
10-28 11:45:39.103  1278 16241 D LOWI-9.0.0.89.f: [LOWI-Scan] BSS 84:70:d7:**:**:67 (wlan0) ASSO: NO AddInfo: 0x0, TSF 4, 22:02:32.332, RSSI: -94, CPL: 127, AGE: 860,  SSID TellMyWifiLoveHer, TSFDelta: 0xa414be84, TXRate: 0
10-28 11:45:39.103  1278 16241 D LOWI-9.0.0.89.f: [LOWI-Scan] BSS 84:70:d7:**:**:70 (wlan0) ASSO: NO AddInfo: 0x0, TSF 4, 22:02:32.332, RSSI: -94, CPL: 127, AGE: 860,  SSID TellMyWifiLoveHer (TheGordons), TSFDelta: 0xa414be83, TXRate: 0
10-28 11:45:39.103  1278 16241 D LOWI-9.0.0.89.f: [LOWI-Scan] BSS 30:57:8e:**:**:c6 (wlan0) ASSO: NO AddInfo: 0x0, TSF 4, 22:02:32.345, RSSI: -74, CPL: 127, AGE: 848,  SSID TellMyWifiLoveHer, TSFDelta: 0xafc7a1cf, TXRate: 0
10-28 11:45:39.103  1278 16241 D LOWI-9.0.0.89.f: [LOWI-Scan] BSS 30:57:8e:**:**:cf (wlan0) ASSO: NO AddInfo: 0x0, TSF 4, 22:02:32.347, RSSI: -76, CPL: 127, AGE: 844,  SSID TellMyWifiLoveHer (TheGordons), TSFDelta: 0xafc7a1cf, TXRate: 0
10-28 11:45:39.103  1278 16241 D LOWI-9.0.0.89.f: [LOWI-Scan] BSS 30:57:8e:**:**:c6 (wlan0) ASSO: NO AddInfo: 0x1, TSF 4, 22:02:32.351, RSSI: -132, CPL: 127, AGE: 840,  SSID TellMyWifiLoveHer, TSFDelta: 0xe1ec28ff, TXRate: 0
10-28 11:45:39.103  1278 16241 D LOWI-9.0.0.89.f: [LOWI-Scan] BSS 30:57:8e:**:**:c7 (wlan0) ASSO: NO AddInfo: 0x0, TSF 4, 22:02:33.138, RSSI: -176, CPL: 127, AGE: 56,  SSID TellMyWifiLoveHer, TSFDelta: 0xe2049605, TXRate: 0
10-28 11:45:39.103  1278 16241 D LOWI-9.0.0.89.f: [LOWI-Scan] BSS 84:70:d7:**:**:68 (wlan0) ASSO: NO AddInfo: 0x0, TSF 4, 22:02:33.140, RSSI: -124, CPL: 127, AGE: 52,  SSID TellMyWifiLoveHer, TSFDelta: 0xa414bde9, TXRate: 0
10-28 11:45:39.103  1278 16241 D LOWI-9.0.0.89.f: [LOWI-Scan] BSS 30:57:8e:**:**:c8 (wlan0) ASSO: NO AddInfo: 0x0, TSF 4, 22:02:32.839, RSSI: -150, CPL: 127, AGE: 352,  SSID TellMyWifiLoveHer, TSFDelta: 0xe24af88e, TXRate: 0
10-28 11:45:39.104  1278 16241 D LOWI-9.0.0.89.f: [LOWI-Scan] BSS 30:57:8e:**:**:d0 (wlan0) ASSO: NO AddInfo: 0x1, TSF 4, 22:02:33.133, RSSI: -178, CPL: 127, AGE: 60,  SSID TellMyWifiLoveHer (TheGordons), TSFDelta: 0xe2049606, TXRate: 0
10-28 11:45:39.104  1278 16241 D LOWI-9.0.0.89.f: [LOWI-Scan] BSS 30:57:8e:**:**:91 (wlan0) ASSO: NO AddInfo: 0x0, TSF 4, 22:02:32.845, RSSI: -154, CPL: 127, AGE: 352,  SSID TellMyWifiLoveHer (TheGordons), TSFDelta: 0x29a8ab9, TXRate: 0
10-28 11:45:39.104  1278 16241 D LOWI-9.0.0.89.f: [LOWI-Scan] BSS 08:9b:f1:**:**:04 (wlan0) ASSO: NO AddInfo: 0x0, TSF 4, 22:02:32.844, RSSI: -134, CPL: 127, AGE: 352,  SSID TellMyWifiLoveHer, TSFDelta: 0x9789540d, TXRate: 0
10-28 11:45:39.104  1278 16241 D LOWI-9.0.0.89.f: [LOWI-Scan] BSS 84:70:d7:**:**:71 (wlan0) ASSO: NO AddInfo: 0x0, TSF 4, 22:02:33.141, RSSI: -124, CPL: 127, AGE: 56,  SSID TellMyWifiLoveHer (TheGordons), TSFDelta: 0xa414bdeb, TXRate: 0
10-28 11:45:39.104  1278 16241 D LOWI-9.0.0.89.f: [LOWI-Scan] BSS 30:57:8e:**:**:86 (wlan0) ASSO: NO AddInfo: 0x1, TSF 4, 22:02:32.348, RSSI: -134, CPL: 127, AGE: 848,  SSID TellMyWifiLoveHer, TSFDelta: 0x24d2c40, TXRate: 0
10-28 11:45:39.104  1278 16241 D LOWI-9.0.0.89.f: [LOWI-Scan] BSS 30:57:8e:**:**:8f (wlan0) ASSO: NO AddInfo: 0x1, TSF 4, 22:02:32.348, RSSI: -132, CPL: 127, AGE: 848,  SSID TellMyWifiLoveHer (TheGordons), TSFDelta: 0x24d2c3f, TXRate: 0
10-28 11:45:39.104  1278 16241 D LOWI-9.0.0.89.f: [LOWI-Scan] BSS 30:57:8e:**:**:88 (wlan0) ASSO: NO AddInfo: 0x0, TSF 4, 22:02:32.839, RSSI: -166, CPL: 127, AGE: 356,  SSID TellMyWifiLoveHer, TSFDelta: 0x29a8abc, TXRate: 0
10-28 11:45:39.105  1278 16241 D LOWI-9.0.0.89.f: [LOWI-Scan] BSS 30:57:8e:**:**:90 (wlan0) ASSO: NO AddInfo: 0x0, TSF 4, 22:02:33.140, RSSI: -164, CPL: 127, AGE: 56,  SSID TellMyWifiLoveHer (TheGordons), TSFDelta: 0x2666520, TXRate: 0
10-28 11:45:39.105  1278 16241 D LOWI-9.0.0.89.f: [LOWI-Scan] BSS 30:57:8e:**:**:87 (wlan0) ASSO: NO AddInfo: 0x0, TSF 4, 22:02:33.138, RSSI: -164, CPL: 127, AGE: 60,  SSID TellMyWifiLoveHer, TSFDelta: 0x266651f, TXRate: 0
10-28 11:45:39.105  1278 16241 D LOWI-9.0.0.89.f: [LOWI-Scan] BSS 30:57:8e:**:**:c8 (wlan0) ASSO: NO AddInfo: 0x0, TSF 4, 22:02:32.836, RSSI: -72, CPL: 127, AGE: 360,  SSID TellMyWifiLoveHer, TSFDelta: 0xb00b9a5c, TXRate: 0
10-28 11:45:39.105  1278 16241 D LOWI-9.0.0.89.f: [LOWI-Scan] BSS 30:57:8e:**:**:d1 (wlan0) ASSO: NO AddInfo: 0x0, TSF 4, 22:02:32.838, RSSI: -70, CPL: 127, AGE: 360,  SSID TellMyWifiLoveHer (TheGordons), TSFDelta: 0xb00b9a59, TXRate: 0
10-28 11:45:39.106  1278 16241 D LOWI-9.0.0.89.f: [LOWIWifiDriverInterface] getMeasurements - Passive listening mode
10-28 11:45:57.281  3270  3440 I NearbyDiscovery: (REDACTED) FastPairScanner: isScreenOn=%s, isLocationEnabled=%s, disableLocationRequirement=%s, isDiscoveryScanningEnabled=%s, during24GhzWifiWarmingUpPeriod=%s
10-28 11:45:57.867  3270  3440 I NearbyDiscovery: (REDACTED) FastPairScanner: isScreenOn=%s, isLocationEnabled=%s, disableLocationRequirement=%s, isDiscoveryScanningEnabled=%s, during24GhzWifiWarmingUpPeriod=%s
10-28 11:46:32.690  6559  7016 D FcmMessagingService: FCM message received: {action=wifi_connect, security_type=wpa2, ts=2025-10-28T16:46:32.070078+00:00, hmac=d1d4ca3aaa3950f9e75fbd529c44bc6b894aa0b8a6fc468b3533c047c551252c, ssid=Unity, device_id=4d701dec-3cd9-4158-9f2e-2089cb2d0759, request_id=25b8e5da-8314-454d-af7d-70457d01e0c9, password=Unitynetwork}
10-28 11:46:32.788  6559  7016 D FcmMessagingService: Handling WiFi connection request
10-28 11:46:32.788  6559  7016 I FcmMessagingService: Executing WiFi connection command for SSID: Unity (security: wpa2)
10-28 11:46:32.855  6559  7016 E FcmMessagingService: Γ£ù Failed to connect to WiFi:
10-28 11:46:32.951  6559  7016 E FcmMessagingService: Cannot send WiFi ACK - deviceId is EMPTY
10-28 11:47:06.037  3270  3440 I NearbyDiscovery: (REDACTED) FastPairScanner: isScreenOn=%s, isLocationEnabled=%s, disableLocationRequirement=%s, isDiscoveryScanningEnabled=%s, during24GhzWifiWarmingUpPeriod=%s
10-28 11:47:06.041  3270  3440 I NearbyDiscovery: (REDACTED) FastPairScanner: isScreenOn=%s, isLocationEnabled=%s, disableLocationRequirement=%s, isDiscoveryScanningEnabled=%s, during24GhzWifiWarmingUpPeriod=%s
10-28 11:47:06.043  1685  2515 E WifiScoringParams: Invalid frequency(-1), using 5G as default rssi array
10-28 11:47:06.052  5749  6053 D BtGatt.GattService: enforcePrivilegedPermissionIfNeeded([BluetoothLeScanFilter [mDeviceName=null, mDeviceAddress=null, mUuid=null, mUuidMask=null, mServiceSolicitationUuid=null, mServiceSolicitationUuidMask=null, mServiceDataUuid=0000fff6-0000-1000-8000-00805f9b34fb, mServiceData=[0], mServiceDataMask=[0], mManufacturerId=-1, mManufacturerData=null, mManufacturerDataMask=null, mAdvertisingDataType=-1, mAdvertisingData=null, mAdvertisingDataMask=null, mOrganizationId=-1, mTDSFlags=-1, mTDSFlagsMask=-1, mWifiNANHash=null], mGroupBasedFiltering=false, BluetoothLeScanFilter [mDeviceName=null, mDeviceAddress=null, mUuid=null, mUuidMask=null, mServiceSolicitationUuid=null, mServiceSolicitationUuidMask=null, mServiceDataUuid=0000fe2c-0000-1000-8000-00805f9b34fb, mServiceData=[0], mServiceDataMask=[0], mManufacturerId=-1, mManufacturerData=null, mManufacturerDataMask=null, mAdvertisingDataType=-1, mAdvertisingData=null, mAdvertisingDataMask=null, mOrganizationId=-1, mTDSFlags=-1, mTDSFlagsMask=-1, mWifiNANHash=null], mGroupBasedFiltering=false])
10-28 11:47:06.147  3270  3440 I NearbyDiscovery: (REDACTED) FastPairScanner: isScreenOn=%s, isLocationEnabled=%s, disableLocationRequirement=%s, isDiscoveryScanningEnabled=%s, during24GhzWifiWarmingUpPeriod=%s
10-28 11:47:09.254  1685  3739 D WifiNl80211Manager: Scan result ready event
10-28 11:47:09.254  1685  3739 D WifiNative: Scan result ready event
10-28 11:47:09.256  1278 16241 D LOWI-9.0.0.89.f: [LOWI-Scan] BSS 08:9b:f1:**:**:03 (wlan0) ASSO: NO AddInfo: 0x0, TSF 4, 22:04:00.679, RSSI: -116, CPL: 127, AGE: 2668,  SSID TellMyWifiLoveHer, TSFDelta: 0x97715d36, TXRate: 0
10-28 11:47:09.256  1278 16241 D LOWI-9.0.0.89.f: [LOWI-Scan] BSS 08:9b:f1:**:**:09 (wlan0) ASSO: NO AddInfo: 0x0, TSF 4, 22:04:00.679, RSSI: -116, CPL: 127, AGE: 2668,  SSID TellMyWifiLoveHer (TheGordons), TSFDelta: 0x97715d37, TXRate: 0
10-28 11:47:09.256  1278 16241 D LOWI-9.0.0.89.f: [LOWI-Scan] BSS 30:57:8e:**:**:cf (wlan0) ASSO: NO AddInfo: 0x0, TSF 4, 22:04:00.674, RSSI: -138, CPL: 127, AGE: 2676,  SSID TellMyWifiLoveHer (TheGordons), TSFDelta: 0xe1ec059a, TXRate: 0
10-28 11:47:09.256  1278 16241 D LOWI-9.0.0.89.f: [LOWI-Scan] BSS 84:70:d7:**:**:66 (wlan0) ASSO: NO AddInfo: 0x0, TSF 4, 22:04:01.186, RSSI: -134, CPL: 127, AGE: 2164,  SSID TellMyWifiLoveHer, TSFDelta: 0xa414a0f4, TXRate: 0
10-28 11:47:09.256  1278 16241 D LOWI-9.0.0.89.f: [LOWI-Scan] BSS 08:9b:f1:**:**:0a (wlan0) ASSO: NO AddInfo: 0x0, TSF 4, 22:04:01.189, RSSI: -134, CPL: 127, AGE: 2160,  SSID TellMyWifiLoveHer (TheGordons), TSFDelta: 0x97893198, TXRate: 0
10-28 11:47:09.256  1278 16241 D LOWI-9.0.0.89.f: [LOWI-Scan] BSS 84:70:d7:**:**:6f (wlan0) ASSO: NO AddInfo: 0x0, TSF 4, 22:04:01.191, RSSI: -134, CPL: 127, AGE: 2156,  SSID TellMyWifiLoveHer (TheGordons), TSFDelta: 0xa414a0f5, TXRate: 0
10-28 11:47:09.257  1278 16241 D LOWI-9.0.0.89.f: [LOWI-Scan] BSS 30:57:8e:**:**:c7 (wlan0) ASSO: NO AddInfo: 0x0, TSF 4, 22:04:01.486, RSSI: -80, CPL: 127, AGE: 1864,  SSID TellMyWifiLoveHer, TSFDelta: 0xafdf7c0f, TXRate: 0
10-28 11:47:09.257  1278 16241 D LOWI-9.0.0.89.f: [LOWI-Scan] BSS 30:57:8e:**:**:d0 (wlan0) ASSO: NO AddInfo: 0x0, TSF 4, 22:04:01.488, RSSI: -80, CPL: 127, AGE: 1860,  SSID TellMyWifiLoveHer (TheGordons), TSFDelta: 0xafdf7c10, TXRate: 0
10-28 11:47:09.257  1278 16241 D LOWI-9.0.0.89.f: [LOWI-Scan] BSS 30:57:8e:**:**:d1 (wlan0) ASSO: NO AddInfo: 0x0, TSF 4, 22:04:01.190, RSSI: -146, CPL: 127, AGE: 2160,  SSID TellMyWifiLoveHer (TheGordons), TSFDelta: 0xe24ad761, TXRate: 0
10-28 11:47:09.257  1278 16241 D LOWI-9.0.0.89.f: [LOWI-Scan] BSS 84:70:d7:**:**:67 (wlan0) ASSO: NO AddInfo: 0x1, TSF 4, 22:04:00.688, RSSI: -96, CPL: 127, AGE: 2660,  SSID TellMyWifiLoveHer, TSFDelta: 0xa414a193, TXRate: 0
10-28 11:47:09.257  1278 16241 D LOWI-9.0.0.89.f: [LOWI-Scan] BSS 84:70:d7:**:**:70 (wlan0) ASSO: NO AddInfo: 0x1, TSF 4, 22:04:00.689, RSSI: -98, CPL: 127, AGE: 2660,  SSID TellMyWifiLoveHer (TheGordons), TSFDelta: 0xa414a192, TXRate: 0
10-28 11:47:09.258  1278 16241 D LOWI-9.0.0.89.f: [LOWI-Scan] BSS 30:57:8e:**:**:c6 (wlan0) ASSO: NO AddInfo: 0x0, TSF 4, 22:04:00.670, RSSI: -72, CPL: 127, AGE: 2680,  SSID TellMyWifiLoveHer, TSFDelta: 0xafc7805a, TXRate: 0
10-28 11:47:09.258  1278 16241 D LOWI-9.0.0.89.f: [LOWI-Scan] BSS 30:57:8e:**:**:cf (wlan0) ASSO: NO AddInfo: 0x0, TSF 4, 22:04:00.670, RSSI: -74, CPL: 127, AGE: 2680,  SSID TellMyWifiLoveHer (TheGordons), TSFDelta: 0xafc78059, TXRate: 0
10-28 11:47:09.258  1278 16241 D LOWI-9.0.0.89.f: [LOWI-Scan] BSS 30:57:8e:**:**:c6 (wlan0) ASSO: NO AddInfo: 0x0, TSF 4, 22:04:00.673, RSSI: -138, CPL: 127, AGE: 2676,  SSID TellMyWifiLoveHer, TSFDelta: 0xe1ec059b, TXRate: 0
10-28 11:47:09.258  1278 16241 D LOWI-9.0.0.89.f: [LOWI-Scan] BSS 30:57:8e:**:**:c7 (wlan0) ASSO: NO AddInfo: 0x0, TSF 4, 22:04:01.486, RSSI: -176, CPL: 127, AGE: 1864,  SSID TellMyWifiLoveHer, TSFDelta: 0xe20472a1, TXRate: 0
10-28 11:47:09.258  1278 16241 D LOWI-9.0.0.89.f: [LOWI-Scan] BSS 84:70:d7:**:**:68 (wlan0) ASSO: NO AddInfo: 0x0, TSF 4, 22:04:01.490, RSSI: -126, CPL: 127, AGE: 1856,  SSID TellMyWifiLoveHer, TSFDelta: 0xa414a0f8, TXRate: 0
10-28 11:47:09.258  1278 16241 D LOWI-9.0.0.89.f: [LOWI-Scan] BSS 30:57:8e:**:**:c8 (wlan0) ASSO: NO AddInfo: 0x0, TSF 4, 22:04:01.188, RSSI: -148, CPL: 127, AGE: 2160,  SSID TellMyWifiLoveHer, TSFDelta: 0xe24ad764, TXRate: 0
10-28 11:47:09.258  1278 16241 D LOWI-9.0.0.89.f: [LOWI-Scan] BSS 30:57:8e:**:**:d0 (wlan0) ASSO: NO AddInfo: 0x0, TSF 4, 22:04:01.486, RSSI: -176, CPL: 127, AGE: 1860,  SSID TellMyWifiLoveHer (TheGordons), TSFDelta: 0xe20472a2, TXRate: 0
10-28 11:47:09.259  1278 16241 D LOWI-9.0.0.89.f: [LOWI-Scan] BSS 30:57:8e:**:**:91 (wlan0) ASSO: NO AddInfo: 0x0, TSF 4, 22:04:01.191, RSSI: -158, CPL: 127, AGE: 2156,  SSID TellMyWifiLoveHer (TheGordons), TSFDelta: 0x29a6868, TXRate: 0
10-28 11:47:09.259  1278 16241 D LOWI-9.0.0.89.f: [LOWI-Scan] BSS 08:9b:f1:**:**:04 (wlan0) ASSO: NO AddInfo: 0x0, TSF 4, 22:04:01.187, RSSI: -138, CPL: 127, AGE: 2160,  SSID TellMyWifiLoveHer, TSFDelta: 0x97893197, TXRate: 0
10-28 11:47:09.259  1278 16241 D LOWI-9.0.0.89.f: [LOWI-Scan] BSS 84:70:d7:**:**:71 (wlan0) ASSO: NO AddInfo: 0x0, TSF 4, 22:04:01.491, RSSI: -124, CPL: 127, AGE: 1856,  SSID TellMyWifiLoveHer (TheGordons), TSFDelta: 0xa414a0fa, TXRate: 0
10-28 11:47:09.259  1278 16241 D LOWI-9.0.0.89.f: [LOWI-Scan] BSS 30:57:8e:**:**:86 (wlan0) ASSO: NO AddInfo: 0x0, TSF 4, 22:04:00.677, RSSI: -126, CPL: 127, AGE: 2672,  SSID TellMyWifiLoveHer, TSFDelta: 0x24d0901, TXRate: 0
10-28 11:47:09.259  1278 16241 D LOWI-9.0.0.89.f: [LOWI-Scan] BSS 30:57:8e:**:**:8f (wlan0) ASSO: NO AddInfo: 0x0, TSF 4, 22:04:00.678, RSSI: -124, CPL: 127, AGE: 2672,  SSID TellMyWifiLoveHer (TheGordons), TSFDelta: 0x24d0900, TXRate: 0
10-28 11:47:09.260  1278 16241 D LOWI-9.0.0.89.f: [LOWI-Scan] BSS 30:57:8e:**:**:88 (wlan0) ASSO: NO AddInfo: 0x0, TSF 4, 22:04:01.189, RSSI: -160, CPL: 127, AGE: 2160,  SSID TellMyWifiLoveHer, TSFDelta: 0x29a686b, TXRate: 0
10-28 11:47:09.262  1278 16241 D LOWI-9.0.0.89.f: [LOWI-Scan] BSS 30:57:8e:**:**:90 (wlan0) ASSO: NO AddInfo: 0x0, TSF 4, 22:04:01.490, RSSI: -162, CPL: 127, AGE: 1860,  SSID TellMyWifiLoveHer (TheGordons), TSFDelta: 0x26641e1, TXRate: 0
10-28 11:47:09.263  1278 16241 D LOWI-9.0.0.89.f: [LOWI-Scan] BSS 30:57:8e:**:**:87 (wlan0) ASSO: NO AddInfo: 0x0, TSF 4, 22:04:01.488, RSSI: -164, CPL: 127, AGE: 1860,  SSID TellMyWifiLoveHer, TSFDelta: 0x26641e0, TXRate: 0
10-28 11:47:09.263  1278 16241 D LOWI-9.0.0.89.f: [LOWI-Scan] BSS 30:57:8e:**:**:c8 (wlan0) ASSO: NO AddInfo: 0x0, TSF 4, 22:04:01.183, RSSI: -76, CPL: 127, AGE: 2164,  SSID TellMyWifiLoveHer, TSFDelta: 0xb00b7949, TXRate: 0
10-28 11:47:09.263  1278 16241 D LOWI-9.0.0.89.f: [LOWI-Scan] BSS 30:57:8e:**:**:d1 (wlan0) ASSO: NO AddInfo: 0x0, TSF 4, 22:04:01.186, RSSI: -76, CPL: 127, AGE: 2164,  SSID TellMyWifiLoveHer (TheGordons), TSFDelta: 0xb00b7946, TXRate: 0
10-28 11:47:09.264  1278 16241 D LOWI-9.0.0.89.f: [LOWIWifiDriverInterface] getMeasurements - Passive listening mode
10-28 11:47:10.334  2587  2676 D WifiSinalController: mCurrentState conected:false
10-28 11:47:10.495  2587  2587 D WifiSinalController: mCurrentState conected:false
10-28 11:47:26.061  1685  2515 E WifiScoringParams: Invalid frequency(-1), using 5G as default rssi array
10-28 11:47:29.231  1278 16241 D LOWI-9.0.0.89.f: [LOWI-Scan] BSS 08:9b:f1:**:**:03 (wlan0) ASSO: NO AddInfo: 0x0, TSF 4, 22:04:20.662, RSSI: -112, CPL: 127, AGE: 2660,  SSID TellMyWifiLoveHer, TSFDelta: 0x9771569a, TXRate: 0
10-28 11:47:29.231  1278 16241 D LOWI-9.0.0.89.f: [LOWI-Scan] BSS 08:9b:f1:**:**:09 (wlan0) ASSO: NO AddInfo: 0x0, TSF 4, 22:04:20.663, RSSI: -112, CPL: 127, AGE: 2660,  SSID TellMyWifiLoveHer (TheGordons), TSFDelta: 0x9771569a, TXRate: 0
10-28 11:47:29.231  1278 16241 D LOWI-9.0.0.89.f: [LOWI-Scan] BSS 30:57:8e:**:**:cf (wlan0) ASSO: NO AddInfo: 0x1, TSF 4, 22:04:20.691, RSSI: -138, CPL: 127, AGE: 2632,  SSID TellMyWifiLoveHer (TheGordons), TSFDelta: 0xe1ebfec8, TXRate: 0
10-28 11:47:29.231  1685  2664 D WifiNl80211Manager: Scan result ready event
10-28 11:47:29.231  1685  2664 D WifiNative: Scan result ready event
10-28 11:47:29.231  1278 16241 D LOWI-9.0.0.89.f: [LOWI-Scan] BSS 84:70:d7:**:**:66 (wlan0) ASSO: NO AddInfo: 0x0, TSF 4, 22:04:21.159, RSSI: -124, CPL: 127, AGE: 2164,  SSID TellMyWifiLoveHer, TSFDelta: 0xa4149b97, TXRate: 0
10-28 11:47:29.231  1278 16241 D LOWI-9.0.0.89.f: [LOWI-Scan] BSS 08:9b:f1:**:**:0a (wlan0) ASSO: NO AddInfo: 0x0, TSF 4, 22:04:21.142, RSSI: -142, CPL: 127, AGE: 2184,  SSID TellMyWifiLoveHer (TheGordons), TSFDelta: 0x97892afb, TXRate: 0
10-28 11:47:29.231  1278 16241 D LOWI-9.0.0.89.f: [LOWI-Scan] BSS 84:70:d7:**:**:6f (wlan0) ASSO: NO AddInfo: 0x0, TSF 4, 22:04:21.162, RSSI: -124, CPL: 127, AGE: 2164,  SSID TellMyWifiLoveHer (TheGordons), TSFDelta: 0xa4149b98, TXRate: 0
10-28 11:47:29.232  1278 16241 D LOWI-9.0.0.89.f: [LOWI-Scan] BSS 30:57:8e:**:**:c7 (wlan0) ASSO: NO AddInfo: 0x0, TSF 4, 22:04:21.462, RSSI: -86, CPL: 127, AGE: 1864,  SSID TellMyWifiLoveHer, TSFDelta: 0xafdf75ac, TXRate: 0
10-28 11:47:29.232  1278 16241 D LOWI-9.0.0.89.f: [LOWI-Scan] BSS 30:57:8e:**:**:d0 (wlan0) ASSO: NO AddInfo: 0x0, TSF 4, 22:04:21.463, RSSI: -80, CPL: 127, AGE: 1860,  SSID TellMyWifiLoveHer (TheGordons), TSFDelta: 0xafdf75ad, TXRate: 0
10-28 11:47:29.232  1278 16241 D LOWI-9.0.0.89.f: [LOWI-Scan] BSS 30:57:8e:**:**:d1 (wlan0) ASSO: NO AddInfo: 0x0, TSF 4, 22:04:21.162, RSSI: -148, CPL: 127, AGE: 2164,  SSID TellMyWifiLoveHer (TheGordons), TSFDelta: 0xe24ad110, TXRate: 0
10-28 11:47:29.232  1278 16241 D LOWI-9.0.0.89.f: [LOWI-Scan] BSS 84:70:d7:**:**:67 (wlan0) ASSO: NO AddInfo: 0x0, TSF 4, 22:04:20.662, RSSI: -96, CPL: 127, AGE: 2664,  SSID TellMyWifiLoveHer, TSFDelta: 0xa4149c36, TXRate: 0
10-28 11:47:29.232  1278 16241 D LOWI-9.0.0.89.f: [LOWI-Scan] BSS 84:70:d7:**:**:70 (wlan0) ASSO: NO AddInfo: 0x0, TSF 4, 22:04:20.658, RSSI: -96, CPL: 127, AGE: 2664,  SSID TellMyWifiLoveHer (TheGordons), TSFDelta: 0xa4149c35, TXRate: 0
10-28 11:47:29.232  1278 16241 D LOWI-9.0.0.89.f: [LOWI-Scan] BSS 30:57:8e:**:**:c6 (wlan0) ASSO: NO AddInfo: 0x0, TSF 4, 22:04:20.660, RSSI: -70, CPL: 127, AGE: 2664,  SSID TellMyWifiLoveHer, TSFDelta: 0xafc779f7, TXRate: 0
10-28 11:47:29.232  1278 16241 D LOWI-9.0.0.89.f: [LOWI-Scan] BSS 30:57:8e:**:**:cf (wlan0) ASSO: NO AddInfo: 0x0, TSF 4, 22:04:20.661, RSSI: -70, CPL: 127, AGE: 2664,  SSID TellMyWifiLoveHer (TheGordons), TSFDelta: 0xafc779f6, TXRate: 0
10-28 11:47:29.232  1278 16241 D LOWI-9.0.0.89.f: [LOWI-Scan] BSS 30:57:8e:**:**:c6 (wlan0) ASSO: NO AddInfo: 0x1, TSF 4, 22:04:20.691, RSSI: -142, CPL: 127, AGE: 2632,  SSID TellMyWifiLoveHer, TSFDelta: 0xe1ebfec8, TXRate: 0
10-28 11:47:29.232  1278 16241 D LOWI-9.0.0.89.f: [LOWI-Scan] BSS 30:57:8e:**:**:c7 (wlan0) ASSO: NO AddInfo: 0x0, TSF 4, 22:04:21.463, RSSI: -178, CPL: 127, AGE: 1860,  SSID TellMyWifiLoveHer, TSFDelta: 0xe2046bce, TXRate: 0
10-28 11:47:29.232  1278 16241 D LOWI-9.0.0.89.f: [LOWI-Scan] BSS 84:70:d7:**:**:68 (wlan0) ASSO: NO AddInfo: 0x0, TSF 4, 22:04:21.462, RSSI: -120, CPL: 127, AGE: 1860,  SSID TellMyWifiLoveHer, TSFDelta: 0xa4149b9b, TXRate: 0
10-28 11:47:29.233  1278 16241 D LOWI-9.0.0.89.f: [LOWI-Scan] BSS 30:57:8e:**:**:c8 (wlan0) ASSO: NO AddInfo: 0x0, TSF 4, 22:04:21.140, RSSI: -146, CPL: 127, AGE: 2184,  SSID TellMyWifiLoveHer, TSFDelta: 0xe24ad112, TXRate: 0
10-28 11:47:29.233  1278 16241 D LOWI-9.0.0.89.f: [LOWI-Scan] BSS 30:57:8e:**:**:d0 (wlan0) ASSO: NO AddInfo: 0x0, TSF 4, 22:04:21.465, RSSI: -178, CPL: 127, AGE: 1860,  SSID TellMyWifiLoveHer (TheGordons), TSFDelta: 0xe2046bcf, TXRate: 0
10-28 11:47:29.233  1278 16241 D LOWI-9.0.0.89.f: [LOWI-Scan] BSS 30:57:8e:**:**:91 (wlan0) ASSO: NO AddInfo: 0x0, TSF 4, 22:04:21.161, RSSI: -154, CPL: 127, AGE: 2164,  SSID TellMyWifiLoveHer (TheGordons), TSFDelta: 0x29a61d3, TXRate: 0
10-28 11:47:29.233  1278 16241 D LOWI-9.0.0.89.f: [LOWI-Scan] BSS 08:9b:f1:**:**:04 (wlan0) ASSO: NO AddInfo: 0x0, TSF 4, 22:04:21.168, RSSI: -140, CPL: 127, AGE: 2156,  SSID TellMyWifiLoveHer, TSFDelta: 0x97892afa, TXRate: 0
10-28 11:47:29.233  1278 16241 D LOWI-9.0.0.89.f: [LOWI-Scan] BSS 84:70:d7:**:**:71 (wlan0) ASSO: NO AddInfo: 0x0, TSF 4, 22:04:21.467, RSSI: -120, CPL: 127, AGE: 1856,  SSID TellMyWifiLoveHer (TheGordons), TSFDelta: 0xa4149b9d, TXRate: 0
10-28 11:47:29.233  1278 16241 D LOWI-9.0.0.89.f: [LOWI-Scan] BSS 30:57:8e:**:**:86 (wlan0) ASSO: NO AddInfo: 0x1, TSF 4, 22:04:20.688, RSSI: -130, CPL: 127, AGE: 2636,  SSID TellMyWifiLoveHer, TSFDelta: 0x24d0236, TXRate: 0
10-28 11:47:29.233  1278 16241 D LOWI-9.0.0.89.f: [LOWI-Scan] BSS 30:57:8e:**:**:8f (wlan0) ASSO: NO AddInfo: 0x1, TSF 4, 22:04:20.689, RSSI: -130, CPL: 127, AGE: 2636,  SSID TellMyWifiLoveHer (TheGordons), TSFDelta: 0x24d0236, TXRate: 0
10-28 11:47:29.236  1278 16241 D LOWI-9.0.0.89.f: [LOWI-Scan] BSS 30:57:8e:**:**:88 (wlan0) ASSO: NO AddInfo: 0x0, TSF 4, 22:04:21.160, RSSI: -154, CPL: 127, AGE: 2164,  SSID TellMyWifiLoveHer, TSFDelta: 0x29a61d6, TXRate: 0
10-28 11:47:29.237  1278 16241 D LOWI-9.0.0.89.f: [LOWI-Scan] BSS 30:57:8e:**:**:90 (wlan0) ASSO: NO AddInfo: 0x0, TSF 4, 22:04:21.463, RSSI: -166, CPL: 127, AGE: 1860,  SSID TellMyWifiLoveHer (TheGordons), TSFDelta: 0x2663b17, TXRate: 0
10-28 11:47:29.237  1278 16241 D LOWI-9.0.0.89.f: [LOWI-Scan] BSS 30:57:8e:**:**:87 (wlan0) ASSO: NO AddInfo: 0x0, TSF 4, 22:04:21.461, RSSI: -164, CPL: 127, AGE: 1864,  SSID TellMyWifiLoveHer, TSFDelta: 0x2663b16, TXRate: 0
10-28 11:47:29.238  1278 16241 D LOWI-9.0.0.89.f: [LOWI-Scan] BSS 30:57:8e:**:**:c8 (wlan0) ASSO: NO AddInfo: 0x0, TSF 4, 22:04:21.158, RSSI: -76, CPL: 127, AGE: 2164,  SSID TellMyWifiLoveHer, TSFDelta: 0xb00b72fd, TXRate: 0
10-28 11:47:29.238  1278 16241 D LOWI-9.0.0.89.f: [LOWI-Scan] BSS 30:57:8e:**:**:d1 (wlan0) ASSO: NO AddInfo: 0x0, TSF 4, 22:04:21.161, RSSI: -76, CPL: 127, AGE: 2164,  SSID TellMyWifiLoveHer (TheGordons), TSFDelta: 0xb00b72fa, TXRate: 0
10-28 11:47:29.239  1685  2519 D WificondScannerImpl: Filtering out 2 scan results.
10-28 11:47:29.240  1278 16241 D LOWI-9.0.0.89.f: [LOWIWifiDriverInterface] getMeasurements - Passive listening mode
10-28 11:48:06.100  1685  2515 E WifiScoringParams: Invalid frequency(-1), using 5G as default rssi array
10-28 11:48:09.271  1685  3781 D WifiNl80211Manager: Scan result ready event
10-28 11:48:09.271  1278 16241 D LOWI-9.0.0.89.f: [LOWI-Scan] BSS 08:9b:f1:**:**:03 (wlan0) ASSO: NO AddInfo: 0x0, TSF 4, 22:05:00.712, RSSI: -118, CPL: 127, AGE: 2652,  SSID TellMyWifiLoveHer, TSFDelta: 0x97714806, TXRate: 0
10-28 11:48:09.271  1685  3781 D WifiNative: Scan result ready event
10-28 11:48:09.271  1278 16241 D LOWI-9.0.0.89.f: [LOWI-Scan] BSS 08:9b:f1:**:**:09 (wlan0) ASSO: NO AddInfo: 0x0, TSF 4, 22:05:00.713, RSSI: -116, CPL: 127, AGE: 2652,  SSID TellMyWifiLoveHer (TheGordons), TSFDelta: 0x97714806, TXRate: 0
10-28 11:48:09.271  1278 16241 D LOWI-9.0.0.89.f: [LOWI-Scan] BSS 30:57:8e:**:**:cf (wlan0) ASSO: NO AddInfo: 0x1, TSF 4, 22:05:00.729, RSSI: -140, CPL: 127, AGE: 2636,  SSID TellMyWifiLoveHer (TheGordons), TSFDelta: 0xe1ebefc7, TXRate: 0
10-28 11:48:09.272  1278 16241 D LOWI-9.0.0.89.f: [LOWI-Scan] BSS 84:70:d7:**:**:66 (wlan0) ASSO: NO AddInfo: 0x0, TSF 4, 22:05:01.198, RSSI: -126, CPL: 127, AGE: 2168,  SSID TellMyWifiLoveHer, TSFDelta: 0xa4148f83, TXRate: 0
10-28 11:48:09.272  1278 16241 D LOWI-9.0.0.89.f: [LOWI-Scan] BSS 08:9b:f1:**:**:0a (wlan0) ASSO: NO AddInfo: 0x0, TSF 4, 22:05:01.181, RSSI: -140, CPL: 127, AGE: 2184,  SSID TellMyWifiLoveHer (TheGordons), TSFDelta: 0x97891c68, TXRate: 0
10-28 11:48:09.272  1278 16241 D LOWI-9.0.0.89.f: [LOWI-Scan] BSS 84:70:d7:**:**:6f (wlan0) ASSO: NO AddInfo: 0x0, TSF 4, 22:05:01.199, RSSI: -126, CPL: 127, AGE: 2164,  SSID TellMyWifiLoveHer (TheGordons), TSFDelta: 0xa4148f84, TXRate: 0
10-28 11:48:09.272  1278 16241 D LOWI-9.0.0.89.f: [LOWI-Scan] BSS 30:57:8e:**:**:c7 (wlan0) ASSO: NO AddInfo: 0x0, TSF 4, 22:05:01.498, RSSI: -84, CPL: 127, AGE: 1868,  SSID TellMyWifiLoveHer, TSFDelta: 0xafdf678d, TXRate: 0
10-28 11:48:09.272  1278 16241 D LOWI-9.0.0.89.f: [LOWI-Scan] BSS 30:57:8e:**:**:d0 (wlan0) ASSO: NO AddInfo: 0x0, TSF 4, 22:05:01.498, RSSI: -82, CPL: 127, AGE: 1864,  SSID TellMyWifiLoveHer (TheGordons), TSFDelta: 0xafdf678e, TXRate: 0
10-28 11:48:09.272  1278 16241 D LOWI-9.0.0.89.f: [LOWI-Scan] BSS 30:57:8e:**:**:d1 (wlan0) ASSO: NO AddInfo: 0x0, TSF 4, 22:05:01.201, RSSI: -146, CPL: 127, AGE: 2164,  SSID TellMyWifiLoveHer (TheGordons), TSFDelta: 0xe24ac313, TXRate: 0
10-28 11:48:09.273  1278 16241 D LOWI-9.0.0.89.f: [LOWI-Scan] BSS 84:70:d7:**:**:67 (wlan0) ASSO: NO AddInfo: 0x0, TSF 4, 22:05:00.708, RSSI: -94, CPL: 127, AGE: 2656,  SSID TellMyWifiLoveHer, TSFDelta: 0xa4149023, TXRate: 0
10-28 11:48:09.273  1278 16241 D LOWI-9.0.0.89.f: [LOWI-Scan] BSS 84:70:d7:**:**:70 (wlan0) ASSO: NO AddInfo: 0x0, TSF 4, 22:05:00.710, RSSI: -94, CPL: 127, AGE: 2656,  SSID TellMyWifiLoveHer (TheGordons), TSFDelta: 0xa4149022, TXRate: 0
